python : Traceback (most recent call last):
所在位置 行:1 字符: 1
+ python test_level2.py > test_output.txt 2>&1 ; Get-Content test_outpu ...
+ ~~~~~~~~~~~~~~~~~~~~~~~~~~~~~~~~~~~~~~~~~~~~
    + CategoryInfo          : NotSpecified: (Traceback (most recent call last)::String) [], RemoteE 
   xception
    + FullyQualifiedErrorId : NativeCommandError
 
  File "D:\Python经典程序合集\商场店铺智能运营管理系统设计与实现\config\celery.py", line 15, in <module>
    from celery import Celery
ModuleNotFoundError: No module named 'celery'

During handling of the above exception, another exception occurred:

Traceback (most recent call last):
  File "D:\Python经典程序合集\商场店铺智能运营管理系统设计与实现\test_level2.py", line 20, in <module>
    django.setup()
    ~~~~~~~~~~~~^^
  File "C:\Users\lenovo\AppData\Local\Programs\Python\Python313\Lib\site-packages\django\__init__.py
", line 19, in setup
    configure_logging(settings.LOGGING_CONFIG, settings.LOGGING)
                      ^^^^^^^^^^^^^^^^^^^^^^^
  File "C:\Users\lenovo\AppData\Local\Programs\Python\Python313\Lib\site-packages\django\conf\__init
__.py", line 75, in __getattr__
    self._setup(name)
    ~~~~~~~~~~~^^^^^^
  File "C:\Users\lenovo\AppData\Local\Programs\Python\Python313\Lib\site-packages\django\conf\__init
__.py", line 62, in _setup
    self._wrapped = Settings(settings_module)
                    ~~~~~~~~^^^^^^^^^^^^^^^^^
  File "C:\Users\lenovo\AppData\Local\Programs\Python\Python313\Lib\site-packages\django\conf\__init
__.py", line 162, in __init__
    mod = importlib.import_module(self.SETTINGS_MODULE)
  File "C:\Users\lenovo\AppData\Local\Programs\Python\Python313\Lib\importlib\__init__.py", line 88,
 in import_module
    return _bootstrap._gcd_import(name[level:], package, level)
           ~~~~~~~~~~~~~~~~~~~~~~^^^^^^^^^^^^^^^^^^^^^^^^^^^^^^
  File "<frozen importlib._bootstrap>", line 1387, in _gcd_import
  File "<frozen importlib._bootstrap>", line 1360, in _find_and_load
  File "<frozen importlib._bootstrap>", line 1310, in _find_and_load_unlocked
  File "<frozen importlib._bootstrap>", line 488, in _call_with_frames_removed
  File "<frozen importlib._bootstrap>", line 1387, in _gcd_import
  File "<frozen importlib._bootstrap>", line 1360, in _find_and_load
  File "<frozen importlib._bootstrap>", line 1331, in _find_and_load_unlocked
  File "<frozen importlib._bootstrap>", line 935, in _load_unlocked
  File "<frozen importlib._bootstrap_external>", line 1022, in exec_module
  File "<frozen importlib._bootstrap>", line 488, in _call_with_frames_removed
  File "D:\Python经典程序合集\商场店铺智能运营管理系统设计与实现\config\__init__.py", line 6, in <module>
    from .celery import app as celery_app
  File "D:\Python经典程序合集\商场店铺智能运营管理系统设计与实现\config\celery.py", line 24, in <module>
    print("\u26a0\ufe0f Warning: Celery is not installed. Run 'pip install celery redis' to enable a
sync tasks.")
    ~~~~~^^^^^^^^^^^^^^^^^^^^^^^^^^^^^^^^^^^^^^^^^^^^^^^^^^^^^^^^^^^^^^^^^^^^^^^^^^^^^^^^^^^^^^^^^^^
^^^
UnicodeEncodeError: 'gbk' codec can't encode character '\u26a0' in position 0: illegal multibyte seq
uence
